============================= test session starts ==============================
platform darwin -- Python 3.9.6, pytest-8.4.2, pluggy-1.6.0 -- /Library/Developer/CommandLineTools/usr/bin/python3
cachedir: .pytest_cache
rootdir: /Users/rory/Documents/scripts/Hardlink-Manager
plugins: anyio-4.4.0, cov-7.0.0
collecting ... collected 7 items

tests/test_core.py::test_format_bytes PASSED                             [ 14%]
tests/test_core.py::test_calculate_hash PASSED                           [ 28%]
tests/test_core.py::test_calculate_hash_missing_file PASSED              [ 42%]
tests/test_core.py::test_calculate_hash_partial_returns_partial_hash PASSED [ 57%]
tests/test_core.py::test_calculate_hash_partial_small_file PASSED        [ 71%]
tests/test_core.py::test_update_progress PASSED                          [ 85%]
tests/test_core.py::test_ignore_logic PASSED                             [100%]

============================== 7 passed in 0.05s ===============================
